################################################################################
#                                                                              #
#      IAR Universal Linker V5.2.4.16                                          #
#                                                                              #
#           Link time     =  18/Sep/2014  01:03:49                             #
#           Target CPU    =  MSP430                                            #
#           List file     =  "D:\Users\Fabiano\Documents\Engenharia\Pesquisa\C #
#                            ontrolador posição - Emerson\Firmware\Debug\List\ #
#                            step_motor.map"                                   #
#           Output file 1 =  "D:\Users\Fabiano\Documents\Engenharia\Pesquisa\C #
#                            ontrolador posição - Emerson\Firmware\Debug\Exe\s #
#                            tep_motor.d43"                                    #
#                            Format: debug                                     #
#                            UBROF version 10.0.6                              #
#                            Using library modules for C-SPY (-rt)             #
#           Command line  =  "D:\Users\Fabiano\Documents\Engenharia\Pesquisa\C #
#                            ontrolador posição - Emerson\Firmware\Debug\Obj\m #
#                            ain.r43"                                          #
#                            -o                                                #
#                            "D:\Users\Fabiano\Documents\Engenharia\Pesquisa\C #
#                            ontrolador posição - Emerson\Firmware\Debug\Exe\s #
#                            tep_motor.d43"                                    #
#                            -l                                                #
#                            "D:\Users\Fabiano\Documents\Engenharia\Pesquisa\C #
#                            ontrolador posição - Emerson\Firmware\Debug\List\ #
#                            step_motor.map"                                   #
#                            -xmsn                                             #
#                            "-IC:\Program Files (x86)\IAR Systems\Embedded Wo #
#                            rkbench 6.0 Kickstart\430\LIB\"                   #
#                            -f                                                #
#                            "C:\Program Files (x86)\IAR Systems\Embedded Work #
#                            bench 6.0 Kickstart\430\CONFIG\lnk430G2553.xcl"   #
#                            (-cmsp430 -QCODE_I=CODE_ID                        #
#                            -Z(DATA)DATA16_I,DATA16_Z,DATA16_N,TLS16_I,DATA16 #
#                            _HEAP+_DATA16_HEAP_SIZE=0200-03FF                 #
#                            -Z(DATA)CODE_I -Z(DATA)CSTACK+_STACK_SIZE#        #
#                            -Z(CONST)INFO=1000-10FF                           #
#                            -Z(CONST)INFOA=10C0-10FF                          #
#                            -Z(CONST)INFOB=1080-10BF                          #
#                            -Z(CONST)INFOC=1040-107F                          #
#                            -Z(CONST)INFOD=1000-103F                          #
#                            -Z(CONST)DATA16_C,DATA16_ID,TLS16_ID,DIFUNCT,CHEC #
#                            KSUM=C000-FFDF                                    #
#                            -Z(CODE)CSTART,ISR_CODE,CODE_ID=C000-FFDF         #
#                            -P(CODE)CODE=C000-FFDF -Z(CODE)INTVEC=FFE0-FFFF   #
#                            -Z(CODE)RESET=FFFE-FFFF) -D_STACK_SIZE=50 -rt     #
#                            "C:\Program Files (x86)\IAR Systems\Embedded Work #
#                            bench 6.0 Kickstart\430\LIB\DLIB\dl430fn.r43"     #
#                            -e_PrintfLarge=_Printf -e_ScanfLarge=_Scanf       #
#                            -D_DATA16_HEAP_SIZE=50 -s __program_start         #
#                            -D_DATA20_HEAP_SIZE=50                            #
#                                                                              #
#                           Copyright (C) 1987-2011 IAR Systems AB.            #
################################################################################





                ****************************************
                *                                      *
                *           CROSS REFERENCE            *
                *                                      *
                ****************************************

       Program entry at :           C008  Relocatable, from module : ?cstart




                ****************************************
                *                                      *
                *            RUNTIME MODEL             *
                *                                      *
                ****************************************

  __Heap_Handler             = Basic
  __SystemLibrary            = DLib
  __core                     = 430
  __dlib_file_descriptor     = 0
  __dlib_full_locale_support = 0
  __double_size              = 32
  __pic                      = no
  __reg_r4                   = free
  __reg_r5                   = free
  __rt_version               = 3

                ****************************************
                *                                      *
                *    AUTOMATIC SYMBOL REDIRECTIONS     *
                *                                      *
                ****************************************

                  There are no automatic symbol redirections.



                ****************************************
                *                                      *
                *              MODULE MAP              *
                *                                      *
                ****************************************


  DEFINED ABSOLUTE ENTRIES
    *************************************************************************

  DEFINED ABSOLUTE ENTRIES
  PROGRAM MODULE, NAME : ?ABS_ENTRY_MOD

Absolute parts
           ENTRY                   ADDRESS         REF BY
           =====                   =======         ======
           _DATA20_HEAP_SIZE       0050 
           _DATA16_HEAP_SIZE       0050 
           _STACK_SIZE             0050 
    *************************************************************************

  FILE NAME : D:\Users\Fabiano\Documents\Engenharia\Pesquisa\Controlador posição - Emerson\Firmware\Debug\Obj\main.r43
  PROGRAM MODULE, NAME : main

  SEGMENTS IN THE MODULE
  ======================
DATA16_AN
  Relative segment, address: 0001 - 0001 (0x1 bytes), align: 0
  Segment part 1. ROOT.       Intra module refs:   USCI0TX_ISR
                                                   clock_timer
                                                   config_uart
                                                   serial_rx
           ENTRY                   ADDRESS         REF BY
           =====                   =======         ======
           IE2                     0001 
    -------------------------------------------------------------------------
DATA16_AN
  Relative segment, address: 004A - 004A (0x1 bytes), align: 0
  Segment part 2. ROOT.       Intra module refs:   ini_config
           ENTRY                   ADDRESS         REF BY
           =====                   =======         ======
           ADC10AE0                004A 
    -------------------------------------------------------------------------
DATA16_AN
  Relative segment, address: 01B0 - 01B1 (0x2 bytes), align: 0
  Segment part 3. ROOT.       Intra module refs:   ini_config
                                                   serial_rx
           ENTRY                   ADDRESS         REF BY
           =====                   =======         ======
           ADC10CTL0               01B0 
    -------------------------------------------------------------------------
DATA16_AN
  Relative segment, address: 01B2 - 01B3 (0x2 bytes), align: 0
  Segment part 4. ROOT.       Intra module refs:   ini_config
           ENTRY                   ADDRESS         REF BY
           =====                   =======         ======
           ADC10CTL1               01B2 
    -------------------------------------------------------------------------
DATA16_AN
  Relative segment, address: 01B4 - 01B5 (0x2 bytes), align: 0
  Segment part 5. ROOT.       Intra module refs:   serial_rx
           ENTRY                   ADDRESS         REF BY
           =====                   =======         ======
           ADC10MEM                01B4 
    -------------------------------------------------------------------------
DATA16_AN
  Relative segment, address: 0056 - 0056 (0x1 bytes), align: 0
  Segment part 6. ROOT.       Intra module refs:   ini_config
           ENTRY                   ADDRESS         REF BY
           =====                   =======         ======
           DCOCTL                  0056 
    -------------------------------------------------------------------------
DATA16_AN
  Relative segment, address: 0057 - 0057 (0x1 bytes), align: 0
  Segment part 7. ROOT.       Intra module refs:   ini_config
           ENTRY                   ADDRESS         REF BY
           =====                   =======         ======
           BCSCTL1                 0057 
    -------------------------------------------------------------------------
DATA16_AN
  Relative segment, address: 0021 - 0021 (0x1 bytes), align: 0
  Segment part 8. ROOT.       Intra module refs:   clock_timer
                                                   ini_config
                                                   scan_pos
                                                   serial_rx
           ENTRY                   ADDRESS         REF BY
           =====                   =======         ======
           P1OUT                   0021 
    -------------------------------------------------------------------------
DATA16_AN
  Relative segment, address: 0022 - 0022 (0x1 bytes), align: 0
  Segment part 9. ROOT.       Intra module refs:   ini_config
           ENTRY                   ADDRESS         REF BY
           =====                   =======         ======
           P1DIR                   0022 
    -------------------------------------------------------------------------
DATA16_AN
  Relative segment, address: 0023 - 0023 (0x1 bytes), align: 0
  Segment part 10. ROOT.      Intra module refs:   ini_config
           ENTRY                   ADDRESS         REF BY
           =====                   =======         ======
           P1IFG                   0023 
    -------------------------------------------------------------------------
DATA16_AN
  Relative segment, address: 0026 - 0026 (0x1 bytes), align: 0
  Segment part 11. ROOT.      Intra module refs:   ini_config
           ENTRY                   ADDRESS         REF BY
           =====                   =======         ======
           P1SEL                   0026 
    -------------------------------------------------------------------------
DATA16_AN
  Relative segment, address: 0041 - 0041 (0x1 bytes), align: 0
  Segment part 12. ROOT.      Intra module refs:   ini_config
           ENTRY                   ADDRESS         REF BY
           =====                   =======         ======
           P1SEL2                  0041 
    -------------------------------------------------------------------------
DATA16_AN
  Relative segment, address: 0027 - 0027 (0x1 bytes), align: 0
  Segment part 13. ROOT.      Intra module refs:   ini_config
           ENTRY                   ADDRESS         REF BY
           =====                   =======         ======
           P1REN                   0027 
    -------------------------------------------------------------------------
DATA16_AN
  Relative segment, address: 0028 - 0028 (0x1 bytes), align: 0
  Segment part 14. ROOT.      Intra module refs:   scan_pos
           ENTRY                   ADDRESS         REF BY
           =====                   =======         ======
           P2IN                    0028 
    -------------------------------------------------------------------------
DATA16_AN
  Relative segment, address: 0029 - 0029 (0x1 bytes), align: 0
  Segment part 15. ROOT.      Intra module refs:   clock_timer
                                                   ini_config
                                                   scan_pos
                                                   serial_rx
           ENTRY                   ADDRESS         REF BY
           =====                   =======         ======
           P2OUT                   0029 
    -------------------------------------------------------------------------
DATA16_AN
  Relative segment, address: 002A - 002A (0x1 bytes), align: 0
  Segment part 16. ROOT.      Intra module refs:   ini_config
           ENTRY                   ADDRESS         REF BY
           =====                   =======         ======
           P2DIR                   002A 
    -------------------------------------------------------------------------
DATA16_AN
  Relative segment, address: 002B - 002B (0x1 bytes), align: 0
  Segment part 17. ROOT.      Intra module refs:   ini_config
           ENTRY                   ADDRESS         REF BY
           =====                   =======         ======
           P2IFG                   002B 
    -------------------------------------------------------------------------
DATA16_AN
  Relative segment, address: 002E - 002E (0x1 bytes), align: 0
  Segment part 18. ROOT.      Intra module refs:   ini_config
           ENTRY                   ADDRESS         REF BY
           =====                   =======         ======
           P2SEL                   002E 
    -------------------------------------------------------------------------
DATA16_AN
  Relative segment, address: 0042 - 0042 (0x1 bytes), align: 0
  Segment part 19. ROOT.      Intra module refs:   ini_config
           ENTRY                   ADDRESS         REF BY
           =====                   =======         ======
           P2SEL2                  0042 
    -------------------------------------------------------------------------
DATA16_AN
  Relative segment, address: 002F - 002F (0x1 bytes), align: 0
  Segment part 20. ROOT.      Intra module refs:   ini_config
           ENTRY                   ADDRESS         REF BY
           =====                   =======         ======
           P2REN                   002F 
    -------------------------------------------------------------------------
DATA16_AN
  Relative segment, address: 0160 - 0161 (0x2 bytes), align: 0
  Segment part 21. ROOT.      Intra module refs:   ini_config
           ENTRY                   ADDRESS         REF BY
           =====                   =======         ======
           TA0CTL                  0160 
    -------------------------------------------------------------------------
DATA16_AN
  Relative segment, address: 0162 - 0163 (0x2 bytes), align: 0
  Segment part 22. ROOT.      Intra module refs:   clock_timer
                                                   serial_rx
           ENTRY                   ADDRESS         REF BY
           =====                   =======         ======
           TA0CCTL0                0162 
    -------------------------------------------------------------------------
DATA16_AN
  Relative segment, address: 0172 - 0173 (0x2 bytes), align: 0
  Segment part 23. ROOT.      Intra module refs:   clock_timer
                                                   ini_config
                                                   rampa
           ENTRY                   ADDRESS         REF BY
           =====                   =======         ======
           TA0CCR0                 0172 
    -------------------------------------------------------------------------
DATA16_AN
  Relative segment, address: 0061 - 0061 (0x1 bytes), align: 0
  Segment part 24. ROOT.      Intra module refs:   config_uart
           ENTRY                   ADDRESS         REF BY
           =====                   =======         ======
           UCA0CTL1                0061 
    -------------------------------------------------------------------------
DATA16_AN
  Relative segment, address: 0062 - 0062 (0x1 bytes), align: 0
  Segment part 25. ROOT.      Intra module refs:   config_uart
           ENTRY                   ADDRESS         REF BY
           =====                   =======         ======
           UCA0BR0                 0062 
    -------------------------------------------------------------------------
DATA16_AN
  Relative segment, address: 0063 - 0063 (0x1 bytes), align: 0
  Segment part 26. ROOT.      Intra module refs:   config_uart
           ENTRY                   ADDRESS         REF BY
           =====                   =======         ======
           UCA0BR1                 0063 
    -------------------------------------------------------------------------
DATA16_AN
  Relative segment, address: 0064 - 0064 (0x1 bytes), align: 0
  Segment part 27. ROOT.      Intra module refs:   config_uart
           ENTRY                   ADDRESS         REF BY
           =====                   =======         ======
           UCA0MCTL                0064 
    -------------------------------------------------------------------------
DATA16_AN
  Relative segment, address: 0066 - 0066 (0x1 bytes), align: 0
  Segment part 28. ROOT.      Intra module refs:   serial_rx
           ENTRY                   ADDRESS         REF BY
           =====                   =======         ======
           UCA0RXBUF               0066 
    -------------------------------------------------------------------------
DATA16_AN
  Relative segment, address: 0067 - 0067 (0x1 bytes), align: 0
  Segment part 29. ROOT.      Intra module refs:   USCI0TX_ISR
           ENTRY                   ADDRESS         REF BY
           =====                   =======         ======
           UCA0TXBUF               0067 
    -------------------------------------------------------------------------
DATA16_AN
  Relative segment, address: 0120 - 0121 (0x2 bytes), align: 0
  Segment part 30. ROOT.      Intra module refs:   ini_config
           ENTRY                   ADDRESS         REF BY
           =====                   =======         ======
           WDTCTL                  0120 
    -------------------------------------------------------------------------
DATA16_AN
  Relative segment, address: 10FE - 10FE (0x1 bytes), align: 0
  Segment part 31. ROOT.      Intra module refs:   ini_config
           ENTRY                   ADDRESS         REF BY
           =====                   =======         ======
           CALDCO_1MHZ             10FE 
    -------------------------------------------------------------------------
DATA16_AN
  Relative segment, address: 10FF - 10FF (0x1 bytes), align: 0
  Segment part 32. ROOT.      Intra module refs:   ini_config
           ENTRY                   ADDRESS         REF BY
           =====                   =======         ======
           CALBC1_1MHZ             10FF 
    -------------------------------------------------------------------------
DATA16_Z
  Relative segment, address: 0208 - 0209 (0x2 bytes), align: 1
  Segment part 38.            Intra module refs:   clock_timer
                                                   rampa
                                                   serial_rx
           ENTRY                   ADDRESS         REF BY
           =====                   =======         ======
           pos_final               0208 
    -------------------------------------------------------------------------
DATA16_Z
  Relative segment, address: 020A - 020B (0x2 bytes), align: 1
  Segment part 39.            Intra module refs:   clock_timer
                                                   rampa
                                                   serial_rx
           ENTRY                   ADDRESS         REF BY
           =====                   =======         ======
           pos_inicial             020A 
    -------------------------------------------------------------------------
DATA16_Z
  Relative segment, address: 020C - 020D (0x2 bytes), align: 1
  Segment part 40.            Intra module refs:   USCI0TX_ISR
                                                   ascii_int
                                                   conv_serial
                                                   serial_rx
           ENTRY                   ADDRESS         REF BY
           =====                   =======         ======
           i                       020C 
    -------------------------------------------------------------------------
DATA16_Z
  Relative segment, address: 020E - 020F (0x2 bytes), align: 1
  Segment part 41.            Intra module refs:   ascii_int
           ENTRY                   ADDRESS         REF BY
           =====                   =======         ======
           result_conv             020E 
    -------------------------------------------------------------------------
DATA16_Z
  Relative segment, address: 0210 - 0217 (0x8 bytes), align: 1
  Segment part 42.            Intra module refs:   ascii_int
           ENTRY                   ADDRESS         REF BY
           =====                   =======         ======
           aux_conv                0210 
    -------------------------------------------------------------------------
DATA16_I
  Relative segment, address: 0200 - 0207 (0x8 bytes), align: 1
  Segment part 43.            Intra module refs:   ascii_int
                                                   serial_rx
           ENTRY                   ADDRESS         REF BY
           =====                   =======         ======
           mult_div                0200 
    -------------------------------------------------------------------------
DATA16_Z
  Relative segment, address: 0218 - 0219 (0x2 bytes), align: 1
  Segment part 45.            Intra module refs:   clock_timer
           ENTRY                   ADDRESS         REF BY
           =====                   =======         ======
           ramp                    0218 
    -------------------------------------------------------------------------
DATA16_Z
  Relative segment, address: 0222 - 0226 (0x5 bytes), align: 0
  Segment part 48.            Intra module refs:   conv_serial
                                                   serial_rx
           ENTRY                   ADDRESS         REF BY
           =====                   =======         ======
           rx_ch                   0222 
    -------------------------------------------------------------------------
DATA16_Z
  Relative segment, address: 0227 - 022A (0x4 bytes), align: 0
  Segment part 49.            Intra module refs:   USCI0TX_ISR
                                                   serial_rx
           ENTRY                   ADDRESS         REF BY
           =====                   =======         ======
           pos                     0227 
    -------------------------------------------------------------------------
DATA16_Z
  Relative segment, address: 022B - 022E (0x4 bytes), align: 0
  Segment part 50.            Intra module refs:   ascii_int
                                                   serial_rx
           ENTRY                   ADDRESS         REF BY
           =====                   =======         ======
           vel_conv                022B 
    -------------------------------------------------------------------------
DATA16_Z
  Relative segment, address: 021A - 021D (0x4 bytes), align: 1
  Segment part 51.            Intra module refs:   serial_rx
           ENTRY                   ADDRESS         REF BY
           =====                   =======         ======
           conv_ascii              021A 
    -------------------------------------------------------------------------
DATA16_Z
  Relative segment, address: 021E - 0221 (0x4 bytes), align: 1
  Segment part 53.            Intra module refs:   serial_rx
           ENTRY                   ADDRESS         REF BY
           =====                   =======         ======
           bateria                 021E 
    -------------------------------------------------------------------------
<CODE> 1 (was CODE)
  Relative segment, address: C9B8 - C9C5 (0xe bytes), align: 1
  Segment part 69.
           ENTRY                   ADDRESS         REF BY
           =====                   =======         ======
           main                    C9B8            Segment part 17 (?cstart)
               calls direct
               CSTACK = 00000000 ( 00000002 )
    -------------------------------------------------------------------------
<CODE> 1 (was CODE)
  Relative segment, address: C030 - C1CB (0x19c bytes), align: 1
  Segment part 68.            Intra module refs:   serial_rx::??INTVEC 14
           ENTRY                   ADDRESS         REF BY
           =====                   =======         ======
           serial_rx               C030 
               interrupt function
               calls direct
               CSTACK = 00000000 ( 00000014 )
    -------------------------------------------------------------------------
<CODE> 1 (was CODE)
  Relative segment, address: C84E - C88D (0x40 bytes), align: 1
  Segment part 66.            Intra module refs:   main
           ENTRY                   ADDRESS         REF BY
           =====                   =======         ======
           scan_pos                C84E 
               CSTACK = 00000000 ( 00000002 )
    -------------------------------------------------------------------------
<CODE> 1 (was CODE)
  Relative segment, address: C7A0 - C801 (0x62 bytes), align: 1
  Segment part 65.            Intra module refs:   serial_rx
           ENTRY                   ADDRESS         REF BY
           =====                   =======         ======
           conv_serial             C7A0 
               CSTACK = 00000000 ( 00000002 )
    -------------------------------------------------------------------------
<CODE> 1 (was CODE)
  Relative segment, address: C71E - C79F (0x82 bytes), align: 1
  Segment part 64.            Intra module refs:   serial_rx
           ENTRY                   ADDRESS         REF BY
           =====                   =======         ======
           ascii_int               C71E 
               CSTACK = 00000000 ( 00000004 )
    -------------------------------------------------------------------------
<CODE> 1 (was CODE)
  Relative segment, address: C91A - C93F (0x26 bytes), align: 1
  Segment part 63.            Intra module refs:   USCI0TX_ISR::??INTVEC 12
           ENTRY                   ADDRESS         REF BY
           =====                   =======         ======
           USCI0TX_ISR             C91A 
               interrupt function
               CSTACK = 00000000 ( 00000006 )
    -------------------------------------------------------------------------
<CODE> 1 (was CODE)
  Relative segment, address: C690 - C71D (0x8e bytes), align: 1
  Segment part 62.            Intra module refs:   clock_timer::??INTVEC 18
           ENTRY                   ADDRESS         REF BY
           =====                   =======         ======
           clock_timer             C690 
               interrupt function
               calls direct
               CSTACK = 00000000 ( 0000000C )
    -------------------------------------------------------------------------
<CODE> 1 (was CODE)
  Relative segment, address: C8F2 - C919 (0x28 bytes), align: 1
  Segment part 61.            Intra module refs:   clock_timer
           ENTRY                   ADDRESS         REF BY
           =====                   =======         ======
           rampa                   C8F2 
               calls direct
               CSTACK = 00000000 ( 00000002 )
    -------------------------------------------------------------------------
<CODE> 1 (was CODE)
  Relative segment, address: C962 - C97F (0x1e bytes), align: 1
  Segment part 60.            Intra module refs:   main
           ENTRY                   ADDRESS         REF BY
           =====                   =======         ======
           config_uart             C962 
               CSTACK = 00000000 ( 00000002 )
    -------------------------------------------------------------------------
<CODE> 1 (was CODE)
  Relative segment, address: C600 - C68F (0x90 bytes), align: 1
  Segment part 59.            Intra module refs:   main
           ENTRY                   ADDRESS         REF BY
           =====                   =======         ======
           ini_config              C600 
               CSTACK = 00000000 ( 00000002 )
    -------------------------------------------------------------------------
INTVEC
  Common segment, address: FFE0 - FFED (0xe bytes), align: 1
  Segment part 33. ROOT.
           ENTRY                   ADDRESS         REF BY
           =====                   =======         ======
           USCI0TX_ISR::??INTVEC 12
                                   FFEC 
    -------------------------------------------------------------------------
INTVEC
  Common segment, address: FFE0 - FFEF (0x10 bytes), align: 1
  Segment part 34. ROOT.
           ENTRY                   ADDRESS         REF BY
           =====                   =======         ======
           serial_rx::??INTVEC 14
                                   FFEE 
    -------------------------------------------------------------------------
INTVEC
  Common segment, address: FFE0 - FFF3 (0x14 bytes), align: 1
  Segment part 35. ROOT.
           ENTRY                   ADDRESS         REF BY
           =====                   =======         ======
           clock_timer::??INTVEC 18
                                   FFF2 
    -------------------------------------------------------------------------
DATA16_ID
  Relative segment, address: C000 - C007 (0x8 bytes), align: 1
  Segment part 44.            Intra module refs:   mult_div

    *************************************************************************

  FILE NAME : C:\Program Files (x86)\IAR Systems\Embedded Workbench 6.0 Kickstart\430\LIB\DLIB\dl430fn.r43
  LIBRARY MODULE, NAME : ?__dbg_break

  SEGMENTS IN THE MODULE
  ======================
<CODE> 1 (was CODE)
  Relative segment, address: C9E8 - C9E9 (0x2 bytes), align: 1
  Segment part 2.
           ENTRY                   ADDRESS         REF BY
           =====                   =======         ======
           __DebugBreak            C9E8            __exit (?__exit)

    -------------------------------------------------------------------------
  LIBRARY MODULE, NAME : ?__exit

  SEGMENTS IN THE MODULE
  ======================
<CODE> 1 (was CODE)
  Relative segment, address: C980 - C993 (0x14 bytes), align: 1
  Segment part 2.
           ENTRY                   ADDRESS         REF BY
           =====                   =======         ======
           __exit                  C980            Segment part 6 (?_exit)
                                                   _exit (?_exit)
               calls direct

    -------------------------------------------------------------------------
  LIBRARY MODULE, NAME : ?abs

  SEGMENTS IN THE MODULE
  ======================
<CODE> 1 (was CODE)
  Relative segment, address: C9D2 - C9DB (0xa bytes), align: 1
  Segment part 2.
           ENTRY                   ADDRESS         REF BY
           =====                   =======         ======
           abs                     C9D2            rampa (main)
               CSTACK = 00000000 ( 00000002 )

    -------------------------------------------------------------------------
  LIBRARY MODULE, NAME : ?_exit

  SEGMENTS IN THE MODULE
  ======================
<CODE> 1 (was CODE)
  Relative segment, address: C9DC, align: 1
  Segment part 0.
           ENTRY                   ADDRESS         REF BY
           =====                   =======         ======
           _exit                   C9DC            exit (?exit)
    -------------------------------------------------------------------------
<CODE> 1 (was CODE)
  Relative segment, address: C9DC - C9DF (0x4 bytes), align: 1
  Segment part 6.             Intra module refs:   _exit

    -------------------------------------------------------------------------
  LIBRARY MODULE, NAME : ?cstart

  SEGMENTS IN THE MODULE
  ======================
CSTACK
  Relative segment, address: 03B0, align: 1
  Segment part 1.
    -------------------------------------------------------------------------
DATA16_Z
  Relative segment, address: 0222, align: 1
  Segment part 2.
    -------------------------------------------------------------------------
DATA16_I
  Relative segment, address: 0208, align: 1
  Segment part 3.
    -------------------------------------------------------------------------
DATA16_ID
  Relative segment, address: C008, align: 1
  Segment part 4.
    -------------------------------------------------------------------------
CSTART
  Relative segment, address: C008 - C00B (0x4 bytes), align: 1
  Segment part 9.
           ENTRY                   ADDRESS         REF BY
           =====                   =======         ======
           __program_start         C008            ?reset_vector (?reset_vector)
                                                   Absolute parts (?ABS_ENTRY_MOD)
           ?cstart_begin           C008 
    -------------------------------------------------------------------------
CSTART
  Relative segment, address: C00C - C017 (0xc bytes), align: 1
  Segment part 12.
           ENTRY                   ADDRESS         REF BY
           =====                   =======         ======
           ?cstart_init_zero       C00C            aux_conv (main)
                                                   bateria (main)
                                                   conv_ascii (main)
                                                   i (main)
                                                   pos (main)
                                                   pos_final (main)
                                                   pos_inicial (main)
                                                   ramp (main)
                                                   result_conv (main)
                                                   rx_ch (main)
                                                   vel_conv (main)
    -------------------------------------------------------------------------
CSTART
  Relative segment, address: C018 - C027 (0x10 bytes), align: 1
  Segment part 13.
           ENTRY                   ADDRESS         REF BY
           =====                   =======         ======
           ?cstart_init_copy       C018            mult_div (main)
    -------------------------------------------------------------------------
CSTART
  Relative segment, address: C028 - C02F (0x8 bytes), align: 1
  Segment part 17.            Intra module refs:   Segment part 9
           ENTRY                   ADDRESS         REF BY
           =====                   =======         ======
           ?cstart_call_main       C028 
           ?cstart_end             C030 

    -------------------------------------------------------------------------
  LIBRARY MODULE, NAME : ?reset_vector

  SEGMENTS IN THE MODULE
  ======================
RESET
  Relative segment, address: FFFE - FFFF (0x2 bytes), align: 1
  Segment part 0.
           ENTRY                   ADDRESS         REF BY
           =====                   =======         ======
           ?reset_vector           FFFE            Segment part 9 (?cstart)

    -------------------------------------------------------------------------
  LIBRARY MODULE, NAME : ?exit

  SEGMENTS IN THE MODULE
  ======================
<CODE> 1 (was CODE)
  Relative segment, address: C9E4 - C9E7 (0x4 bytes), align: 1
  Segment part 2.
           ENTRY                   ADDRESS         REF BY
           =====                   =======         ======
           exit                    C9E4            Segment part 17 (?cstart)
               calls direct
               CSTACK = 00000000 ( 00000002 )

    -------------------------------------------------------------------------
  LIBRARY MODULE, NAME : ?Cast32f32i

  SEGMENTS IN THE MODULE
  ======================
<CODE> 1 (was CODE)
  Relative segment, address: C56E - C5FF (0x92 bytes), align: 1
  Segment part 0.
           ENTRY                   ADDRESS         REF BY
           =====                   =======         ======
           _Cast32sto32f           C56E            serial_rx (main)
           _Cast32uto32f           C582            serial_rx (main)

    -------------------------------------------------------------------------
  LIBRARY MODULE, NAME : _Cast32fto32u

  SEGMENTS IN THE MODULE
  ======================
<CODE> 1 (was CODE)
  Relative segment, address: C9C6 - C9D1 (0xc bytes), align: 1
  Segment part 0.
           ENTRY                   ADDRESS         REF BY
           =====                   =======         ======
           _Cast32fto32u           C9C6            serial_rx (main)

    -------------------------------------------------------------------------
  LIBRARY MODULE, NAME : _Cast32fto32s

  SEGMENTS IN THE MODULE
  ======================
<CODE> 1 (was CODE)
  Relative segment, address: C88E - C8BF (0x32 bytes), align: 1
  Segment part 0.
           ENTRY                   ADDRESS         REF BY
           =====                   =======         ======
           _Cast32fto32s           C88E            serial_rx (main)

    -------------------------------------------------------------------------
  LIBRARY MODULE, NAME : ?FLT_Extract

  SEGMENTS IN THE MODULE
  ======================
<CODE> 1 (was CODE)
  Relative segment, address: C802 - C84D (0x4c bytes), align: 1
  Segment part 0.
           ENTRY                   ADDRESS         REF BY
           =====                   =======         ======
           ?FLT_Extract            C802            _Cast32fto32s (_Cast32fto32s)
                                                   _Cast32fto32u (_Cast32fto32u)

    -------------------------------------------------------------------------
  LIBRARY MODULE, NAME : _Mul32f

  SEGMENTS IN THE MODULE
  ======================
<CODE> 1 (was CODE)
  Relative segment, address: C45E - C56D (0x110 bytes), align: 1
  Segment part 0.
           ENTRY                   ADDRESS         REF BY
           =====                   =======         ======
           _Mul32f                 C45E            serial_rx (main)

    -------------------------------------------------------------------------
  LIBRARY MODULE, NAME : _Div32f

  SEGMENTS IN THE MODULE
  ======================
<CODE> 1 (was CODE)
  Relative segment, address: C32E - C45D (0x130 bytes), align: 1
  Segment part 0.
           ENTRY                   ADDRESS         REF BY
           =====                   =======         ======
           _Div32f                 C32E            serial_rx (main)

    -------------------------------------------------------------------------
  LIBRARY MODULE, NAME : _Add32f

  SEGMENTS IN THE MODULE
  ======================
<CODE> 1 (was CODE)
  Relative segment, address: C1CC - C32D (0x162 bytes), align: 1
  Segment part 0.
           ENTRY                   ADDRESS         REF BY
           =====                   =======         ======
           _Add32f                 C1D0 
           _Sub32f                 C1CC            serial_rx (main)

    -------------------------------------------------------------------------
  LIBRARY MODULE, NAME : ?Mul816

  SEGMENTS IN THE MODULE
  ======================
<CODE> 1 (was CODE)
  Relative segment, address: C8C0 - C8F1 (0x32 bytes), align: 1
  Segment part 0.
           ENTRY                   ADDRESS         REF BY
           =====                   =======         ======
           ?Mul8                   C8C0 
           ?Mul16                  C8C4            ascii_int (main)
           ?Mul16to32u             C8C4 

    -------------------------------------------------------------------------
  LIBRARY MODULE, NAME : ?memcpy

  SEGMENTS IN THE MODULE
  ======================
<CODE> 1 (was CODE)
  Relative segment, address: C994 - C9A5 (0x12 bytes), align: 1
  Segment part 2.
           ENTRY                   ADDRESS         REF BY
           =====                   =======         ======
           memcpy                  C994            __data16_memcpy (?memzero)
               CSTACK = 00000000 ( 00000002 )

    -------------------------------------------------------------------------
  LIBRARY MODULE, NAME : ?memzero

  SEGMENTS IN THE MODULE
  ======================
<CODE> 1 (was CODE)
  Relative segment, address: C9A6 - C9B7 (0x12 bytes), align: 1
  Segment part 4.
           ENTRY                   ADDRESS         REF BY
           =====                   =======         ======
           __data16_memzero        C9A6            ?cstart_init_zero (?cstart)
               CSTACK = 00000000 ( 00000002 )
    -------------------------------------------------------------------------
<CODE> 1 (was CODE)
  Relative segment, address: C9E0 - C9E3 (0x4 bytes), align: 1
  Segment part 3.
           ENTRY                   ADDRESS         REF BY
           =====                   =======         ======
           __data16_memcpy         C9E0            ?cstart_init_copy (?cstart)
               calls direct
               CSTACK = 00000000 ( 00000002 )

    -------------------------------------------------------------------------
  LIBRARY MODULE, NAME : ?strncpy

  SEGMENTS IN THE MODULE
  ======================
<CODE> 1 (was CODE)
  Relative segment, address: C940 - C961 (0x22 bytes), align: 1
  Segment part 2.
           ENTRY                   ADDRESS         REF BY
           =====                   =======         ======
           strncpy                 C940            serial_rx (main)
               CSTACK = 00000000 ( 00000002 )




                ****************************************
                *                                      *
                *            MODULE SUMMARY            *
                *                                      *
                ****************************************

Module               CODE      DATA      CONST
------               ----      ----      -----
                    (Rel)  (Rel)  (Abs)  (Rel)
?Cast32f32i           146
?FLT_Extract           76
?Mul816                50
?__dbg_break            2
?__exit                20
?_exit                  4
?abs                   10
?cstart                40
?exit                   4
?memcpy                18
?memzero               22
?reset_vector           2
?strncpy               34
_Add32f               354
_Cast32fto32s          50
_Cast32fto32u          12
_Div32f               304
_Mul32f               272
main                1 112     47     39      8
  + common             20
N/A (command line)            80
----------          -----    ---     --      -
Total:              2 532    127     39      8
  + common             20


                ****************************************
                *                                      *
                *      SEGMENTS IN ADDRESS ORDER       *
                *                                      *
                ****************************************


SEGMENT              SPACE    START ADDRESS   END ADDRESS     SIZE  TYPE  ALIGN
=======              =====    =============   ===========     ====  ====  =====
DATA16_AN                              0001 - 0001               1   rel    0
                                       0021 - 0023               3 
                                       0026 - 002B               6 
                                       002E - 002F               2 
                                       0041 - 0042               2 
                                       004A - 004A               1 
                                       0056 - 0057               2 
                                       0061 - 0064               4 
                                       0066 - 0067               2 
                                       0120 - 0121               2 
                                       0160 - 0163               4 
                                       0172 - 0173               2 
                                       01B0 - 01B5               6 
DATA16_I                               0200 - 0207               8   rel    1
DATA16_Z                               0208 - 022E              27   rel    1
CSTACK                                 03B0 - 03FF              50   rel    1
DATA16_AN                              10FE - 10FF               2   rel    0
DATA16_C                                  C000                       dse    0
DATA16_ID                              C000 - C007               8   rel    1
CSTART                                 C008 - C02F              28   rel    1
<CODE> 1                               C030 - C9E9             9BA   rel    1
INTVEC                                 FFE0 - FFF3              14   com    1
RESET                                  FFFE - FFFF               2   rel    1

                ****************************************
                *                                      *
                *        END OF CROSS REFERENCE        *
                *                                      *
                ****************************************

 2 552 bytes of CODE  memory
   127 bytes of DATA  memory (+ 39 absolute )
     8 bytes of CONST memory

Errors: none
Warnings: none

